// Jest Snapshot v1, https://goo.gl/fbAQLP

exports[`<Actions /> should render an <Action /> 1`] = `
.c0 {
  display: -webkit-box;
  display: -webkit-flex;
  display: -ms-flexbox;
  display: flex;
  -webkit-flex-direction: row;
  -ms-flex-direction: row;
  flex-direction: row;
  -webkit-box-pack: end;
  -webkit-justify-content: flex-end;
  -ms-flex-pack: end;
  justify-content: flex-end;
  -webkit-align-items: flex-start;
  -webkit-box-align: flex-start;
  -ms-flex-align: flex-start;
  align-items: flex-start;
  right: 10px;
  top: 0px;
  right: 0px;
  z-index: 5;
  position: absolute;
  background: rgba(48,64,77,1);
}

<div
  className="c0"
/>
`;
