// Jest Snapshot v1, https://goo.gl/fbAQLP

exports[`<Container /> should render a <Container /> 1`] = `
.c0 {
  display: -webkit-box;
  display: -webkit-flex;
  display: -ms-flexbox;
  display: flex;
  -webkit-box-pack: center;
  -webkit-justify-content: center;
  -ms-flex-pack: center;
  justify-content: center;
  -webkit-flex-direction: column;
  -ms-flex-direction: column;
  flex-direction: column;
  position: relative;
  min-width: 300px;
  padding: 20px;
  margin: 25px;
  margin-top: 40px;
  background-color: #394b59;
  border-radius: 3px;
}

<div
  className="c0"
/>
`;
