// Jest Snapshot v1, https://goo.gl/fbAQLP

exports[`<Tags /> should render a <Tags /> 1`] = `
.c0 {
  display: -webkit-box;
  display: -webkit-flex;
  display: -ms-flexbox;
  display: flex;
  width: 100%;
  -webkit-flex-wrap: wrap;
  -ms-flex-wrap: wrap;
  flex-wrap: wrap;
  margin-top: 10px;
}

<div
  className="c0"
/>
`;
